--- Running command: /home/leon/anaconda3/envs/pyenv/bin/python script/Error.py INPUT/model INPUT/task iCW773R_task ---
Most similar reaction ID: None with similarity: 0
Code: 100
Description: pass
write new model file success.
--- Exit Code: 0 ---
--- Elapsed: 2.540 s ---

--- Running command: /home/leon/anaconda3/envs/pyenv/bin/python script/summary.py INPUT/model INPUT/task INPUT/map output iCW773R_task ---
product_c_number: 6.0
{'substrate': 'EX_glc_e', 'substrate_name': 'D-Glucose', 'min_growth': 10, 'ATPM': 6.86, 'oxygenstate': 'aerobic', 'email': 'user_without_email', 'taskname': ['FSEOF'], 'excluded_rxns': [], 'O2': 'EX_o2_e', 'CO2_flag': 'False', 'model': 'ala_iCW.json', 'biomass': 'CG_biomass_cgl_ATCC13032', 'species': 'C.glutamicum', 'product': 'EX_lys_L_e', 'product_name': 'L-Lysine', 'ID': 'iCW773R', 'yield_na': False, 'yield_na_reason': '', 'substrate_uptake_rate': 10}
FSEOF
['/home/leon/anaconda3/envs/pyenv/bin/python', 'script/target.py', 'INPUT/model', 'INPUT/task', 'INPUT/map', 'output', 'iCW773R_task']
METHOD_RUNTIME	FSEOF	17.994	ok
Method FSEOF runtime: 18.0 s (ok)
Combined results saved to output/iCW773R_task/output.json.
=== Method runtime ===
  FSEOF                                     00:17        18.0 s  ok
  methods total                             00:17        18.0 s
--- Exit Code: 0 ---
--- Elapsed: 21.271 s ---

--- Running command: /home/leon/anaconda3/envs/pyenv/bin/python script/outputjson_status.py INPUT/task output iCW773R_task ---
--- Exit Code: 0 ---
--- Elapsed: 0.356 s ---

--- Running command: /home/leon/anaconda3/envs/pyenv/bin/python script/sum.py INPUT/model INPUT/task INPUT/map output iCW773R_task ---
['FSEOF']
['FSEOF']
[]
['FSEOF']
--- Exit Code: 0 ---
--- Elapsed: 2.064 s ---


=== Runtime summary ===
Methods:
  FSEOF                                     00:17        18.0 s  ok
  methods total                             00:17        18.0 s
Pipeline steps:
  Step 1: Pre-check (Error.py)              00:02         2.5 s  ok
  Step 2: summary.py                        00:21        21.3 s  ok
  Step 3: outputjson_status.py              00:00         0.4 s  ok
  Step 4: sum.py                            00:02         2.1 s  ok
  pipeline total                            00:26        26.2 s

